Disk Report - Fri Sep 26 10:12:35 PM EDT 2025
Filesystem      Size  Used Avail Use% Mounted on
tmpfs           336M  2.1M  334M   1% /run
/dev/sda2        20G   11G  7.7G  59% /
tmpfs           1.7G     0  1.7G   0% /dev/shm
tmpfs           5.0M  8.0K  5.0M   1% /run/lock
tmpfs           1.0M     0  1.0M   0% /run/credentials/systemd-journald.service
tmpfs           1.0M     0  1.0M   0% /run/credentials/systemd-resolved.service
tmpfs           1.7G   20K  1.7G   1% /tmp
tmpfs           336M  120K  336M   1% /run/user/1000
/dev/sr1        5.9G  5.9G     0 100% /media/corpuzkim/Ubuntu 25.04 amd64
/dev/sr0        100M  100M     0 100% /media/corpuzkim/CDROM
Disk Report - Fri Sep 26 10:17:12 PM EDT 2025
Filesystem      Size  Used Avail Use% Mounted on
tmpfs           336M  2.1M  334M   1% /run
/dev/sda2        20G   11G  7.7G  59% /
tmpfs           1.7G     0  1.7G   0% /dev/shm
tmpfs           5.0M  8.0K  5.0M   1% /run/lock
tmpfs           1.0M     0  1.0M   0% /run/credentials/systemd-journald.service
tmpfs           1.0M     0  1.0M   0% /run/credentials/systemd-resolved.service
tmpfs           1.7G   24K  1.7G   1% /tmp
tmpfs           336M  116K  336M   1% /run/user/1000
/dev/sr1        5.9G  5.9G     0 100% /media/corpuzkim/Ubuntu 25.04 amd64
/dev/sr0        100M  100M     0 100% /media/corpuzkim/CDROM
------------------------
Disk Report - Fri Sep 26 11:11:13 PM EDT 2025
Filesystem      Size  Used Avail Use% Mounted on
tmpfs           336M  2.1M  334M   1% /run
/dev/sda2        20G   11G  7.7G  59% /
tmpfs           1.7G     0  1.7G   0% /dev/shm
tmpfs           5.0M  8.0K  5.0M   1% /run/lock
tmpfs           1.0M     0  1.0M   0% /run/credentials/systemd-journald.service
tmpfs           1.0M     0  1.0M   0% /run/credentials/systemd-resolved.service
tmpfs           1.7G   24K  1.7G   1% /tmp
tmpfs           336M  116K  336M   1% /run/user/1000
/dev/sr1        5.9G  5.9G     0 100% /media/corpuzkim/Ubuntu 25.04 amd64
/dev/sr0        100M  100M     0 100% /media/corpuzkim/CDROM
Disk Report - Fri Sep 26 11:16:49 PM EDT 2025
Filesystem      Size  Used Avail Use% Mounted on
tmpfs           336M  2.1M  334M   1% /run
/dev/sda2        20G   11G  7.7G  59% /
tmpfs           1.7G     0  1.7G   0% /dev/shm
tmpfs           5.0M  8.0K  5.0M   1% /run/lock
tmpfs           1.0M     0  1.0M   0% /run/credentials/systemd-journald.service
tmpfs           1.0M     0  1.0M   0% /run/credentials/systemd-resolved.service
tmpfs           1.7G   24K  1.7G   1% /tmp
tmpfs           336M  116K  336M   1% /run/user/1000
/dev/sr1        5.9G  5.9G     0 100% /media/corpuzkim/Ubuntu 25.04 amd64
/dev/sr0        100M  100M     0 100% /media/corpuzkim/CDROM
------------------------
